[1.231s] Invoking command in '/home/nipun/ros2RB_ws/assignment1': PYTHONPATH=/home/nipun/ros2RB_ws/build/assignment1/prefix_override:/usr/lib/python3/dist-packages/colcon_core/task/python/colcon_distutils_commands:/home/nipun/ros2RB_ws/install/assignment1/lib/python3.10/site-packages:${PYTHONPATH} /usr/bin/python3 -W ignore:setup.py install is deprecated setup.py egg_info --egg-base ../build/assignment1 build --build-base /home/nipun/ros2RB_ws/build/assignment1/build install --record /home/nipun/ros2RB_ws/build/assignment1/install.log --single-version-externally-managed install_data
[1.726s] running egg_info
[1.729s] writing ../build/assignment1/assignment1.egg-info/PKG-INFO
[1.729s] writing dependency_links to ../build/assignment1/assignment1.egg-info/dependency_links.txt
[1.729s] writing entry points to ../build/assignment1/assignment1.egg-info/entry_points.txt
[1.730s] writing requirements to ../build/assignment1/assignment1.egg-info/requires.txt
[1.730s] writing top-level names to ../build/assignment1/assignment1.egg-info/top_level.txt
[1.732s] reading manifest file '../build/assignment1/assignment1.egg-info/SOURCES.txt'
[1.741s] writing manifest file '../build/assignment1/assignment1.egg-info/SOURCES.txt'
[1.741s] running build
[1.741s] running build_py
[1.742s] running install
[1.742s] running install_lib
[1.742s] running install_data
[1.749s] running install_egg_info
[1.752s] removing '/home/nipun/ros2RB_ws/install/assignment1/lib/python3.10/site-packages/assignment1-0.0.0-py3.10.egg-info' (and everything under it)
[1.753s] Copying ../build/assignment1/assignment1.egg-info to /home/nipun/ros2RB_ws/install/assignment1/lib/python3.10/site-packages/assignment1-0.0.0-py3.10.egg-info
[1.755s] running install_scripts
[1.781s] Installing NODE1 script to /home/nipun/ros2RB_ws/install/assignment1/lib/assignment1
[1.783s] Installing NODE2 script to /home/nipun/ros2RB_ws/install/assignment1/lib/assignment1
[1.783s] Installing NODE3 script to /home/nipun/ros2RB_ws/install/assignment1/lib/assignment1
[1.783s] writing list of installed files to '/home/nipun/ros2RB_ws/build/assignment1/install.log'
[2.004s] Invoked command in '/home/nipun/ros2RB_ws/assignment1' returned '0': PYTHONPATH=/home/nipun/ros2RB_ws/build/assignment1/prefix_override:/usr/lib/python3/dist-packages/colcon_core/task/python/colcon_distutils_commands:/home/nipun/ros2RB_ws/install/assignment1/lib/python3.10/site-packages:${PYTHONPATH} /usr/bin/python3 -W ignore:setup.py install is deprecated setup.py egg_info --egg-base ../build/assignment1 build --build-base /home/nipun/ros2RB_ws/build/assignment1/build install --record /home/nipun/ros2RB_ws/build/assignment1/install.log --single-version-externally-managed install_data
