[2.742s] Invoking command in '/home/nipun/ros2RB_ws/assignment1': PYTHONPATH=/home/nipun/ros2RB_ws/build/assignment1/prefix_override:/usr/lib/python3/dist-packages/colcon_core/task/python/colcon_distutils_commands:/home/nipun/ros2RB_ws/install/assignment1/lib/python3.10/site-packages:${PYTHONPATH} /usr/bin/python3 -W ignore:setup.py install is deprecated setup.py egg_info --egg-base ../build/assignment1 build --build-base /home/nipun/ros2RB_ws/build/assignment1/build install --record /home/nipun/ros2RB_ws/build/assignment1/install.log --single-version-externally-managed install_data
[4.386s] running egg_info
[4.391s] writing ../build/assignment1/assignment1.egg-info/PKG-INFO
[4.404s] writing dependency_links to ../build/assignment1/assignment1.egg-info/dependency_links.txt
[4.404s] writing entry points to ../build/assignment1/assignment1.egg-info/entry_points.txt
[4.405s] writing requirements to ../build/assignment1/assignment1.egg-info/requires.txt
[4.405s] writing top-level names to ../build/assignment1/assignment1.egg-info/top_level.txt
[4.405s] reading manifest file '../build/assignment1/assignment1.egg-info/SOURCES.txt'
[4.415s] writing manifest file '../build/assignment1/assignment1.egg-info/SOURCES.txt'
[4.423s] running build
[4.423s] running build_py
[4.423s] running install
[4.423s] running install_lib
[4.434s] running install_data
[4.441s] running install_egg_info
[4.445s] removing '/home/nipun/ros2RB_ws/install/assignment1/lib/python3.10/site-packages/assignment1-0.0.0-py3.10.egg-info' (and everything under it)
[4.449s] Copying ../build/assignment1/assignment1.egg-info to /home/nipun/ros2RB_ws/install/assignment1/lib/python3.10/site-packages/assignment1-0.0.0-py3.10.egg-info
[4.453s] running install_scripts
[4.495s] Installing NODE1 script to /home/nipun/ros2RB_ws/install/assignment1/lib/assignment1
[4.496s] Installing NODE2 script to /home/nipun/ros2RB_ws/install/assignment1/lib/assignment1
[4.497s] Installing NODE3 script to /home/nipun/ros2RB_ws/install/assignment1/lib/assignment1
[4.501s] writing list of installed files to '/home/nipun/ros2RB_ws/build/assignment1/install.log'
[5.313s] Invoked command in '/home/nipun/ros2RB_ws/assignment1' returned '0': PYTHONPATH=/home/nipun/ros2RB_ws/build/assignment1/prefix_override:/usr/lib/python3/dist-packages/colcon_core/task/python/colcon_distutils_commands:/home/nipun/ros2RB_ws/install/assignment1/lib/python3.10/site-packages:${PYTHONPATH} /usr/bin/python3 -W ignore:setup.py install is deprecated setup.py egg_info --egg-base ../build/assignment1 build --build-base /home/nipun/ros2RB_ws/build/assignment1/build install --record /home/nipun/ros2RB_ws/build/assignment1/install.log --single-version-externally-managed install_data
