[1.068s] Invoking command in '/home/nipun/ros2RB_ws/assignment1': PYTHONPATH=/home/nipun/ros2RB_ws/build/assignment1/prefix_override:/usr/lib/python3/dist-packages/colcon_core/task/python/colcon_distutils_commands:/home/nipun/ros2RB_ws/install/assignment1/lib/python3.10/site-packages:${PYTHONPATH} /usr/bin/python3 -W ignore:setup.py install is deprecated setup.py egg_info --egg-base ../build/assignment1 build --build-base /home/nipun/ros2RB_ws/build/assignment1/build install --record /home/nipun/ros2RB_ws/build/assignment1/install.log --single-version-externally-managed install_data
[1.493s] running egg_info
[1.495s] creating ../build/assignment1/assignment1.egg-info
[1.495s] writing ../build/assignment1/assignment1.egg-info/PKG-INFO
[1.495s] writing dependency_links to ../build/assignment1/assignment1.egg-info/dependency_links.txt
[1.495s] writing entry points to ../build/assignment1/assignment1.egg-info/entry_points.txt
[1.495s] writing requirements to ../build/assignment1/assignment1.egg-info/requires.txt
[1.496s] writing top-level names to ../build/assignment1/assignment1.egg-info/top_level.txt
[1.496s] writing manifest file '../build/assignment1/assignment1.egg-info/SOURCES.txt'
[1.499s] reading manifest file '../build/assignment1/assignment1.egg-info/SOURCES.txt'
[1.500s] writing manifest file '../build/assignment1/assignment1.egg-info/SOURCES.txt'
[1.500s] running build
[1.500s] running build_py
[1.501s] creating /home/nipun/ros2RB_ws/build/assignment1/build
[1.501s] creating /home/nipun/ros2RB_ws/build/assignment1/build/lib
[1.501s] creating /home/nipun/ros2RB_ws/build/assignment1/build/lib/assignment1
[1.502s] copying assignment1/temperatureNode.py -> /home/nipun/ros2RB_ws/build/assignment1/build/lib/assignment1
[1.502s] copying assignment1/analysisNode.py -> /home/nipun/ros2RB_ws/build/assignment1/build/lib/assignment1
[1.502s] copying assignment1/__init__.py -> /home/nipun/ros2RB_ws/build/assignment1/build/lib/assignment1
[1.502s] copying assignment1/outcomeNode.py -> /home/nipun/ros2RB_ws/build/assignment1/build/lib/assignment1
[1.502s] running install
[1.503s] running install_lib
[1.504s] creating /home/nipun/ros2RB_ws/install/assignment1/lib/python3.10/site-packages/assignment1
[1.504s] copying /home/nipun/ros2RB_ws/build/assignment1/build/lib/assignment1/temperatureNode.py -> /home/nipun/ros2RB_ws/install/assignment1/lib/python3.10/site-packages/assignment1
[1.504s] copying /home/nipun/ros2RB_ws/build/assignment1/build/lib/assignment1/analysisNode.py -> /home/nipun/ros2RB_ws/install/assignment1/lib/python3.10/site-packages/assignment1
[1.504s] copying /home/nipun/ros2RB_ws/build/assignment1/build/lib/assignment1/__init__.py -> /home/nipun/ros2RB_ws/install/assignment1/lib/python3.10/site-packages/assignment1
[1.504s] copying /home/nipun/ros2RB_ws/build/assignment1/build/lib/assignment1/outcomeNode.py -> /home/nipun/ros2RB_ws/install/assignment1/lib/python3.10/site-packages/assignment1
[1.505s] byte-compiling /home/nipun/ros2RB_ws/install/assignment1/lib/python3.10/site-packages/assignment1/temperatureNode.py to temperatureNode.cpython-310.pyc
[1.505s] byte-compiling /home/nipun/ros2RB_ws/install/assignment1/lib/python3.10/site-packages/assignment1/analysisNode.py to analysisNode.cpython-310.pyc
[1.506s] byte-compiling /home/nipun/ros2RB_ws/install/assignment1/lib/python3.10/site-packages/assignment1/__init__.py to __init__.cpython-310.pyc
[1.506s] byte-compiling /home/nipun/ros2RB_ws/install/assignment1/lib/python3.10/site-packages/assignment1/outcomeNode.py to outcomeNode.cpython-310.pyc
[1.507s] running install_data
[1.507s] creating /home/nipun/ros2RB_ws/install/assignment1/share/ament_index
[1.508s] creating /home/nipun/ros2RB_ws/install/assignment1/share/ament_index/resource_index
[1.508s] creating /home/nipun/ros2RB_ws/install/assignment1/share/ament_index/resource_index/packages
[1.508s] copying resource/assignment1 -> /home/nipun/ros2RB_ws/install/assignment1/share/ament_index/resource_index/packages
[1.509s] copying package.xml -> /home/nipun/ros2RB_ws/install/assignment1/share/assignment1
[1.509s] creating /home/nipun/ros2RB_ws/install/assignment1/share/assignment1/launch
[1.509s] copying launch/assignment1_launch.py -> /home/nipun/ros2RB_ws/install/assignment1/share/assignment1/launch
[1.509s] running install_egg_info
[1.511s] Copying ../build/assignment1/assignment1.egg-info to /home/nipun/ros2RB_ws/install/assignment1/lib/python3.10/site-packages/assignment1-0.0.0-py3.10.egg-info
[1.511s] running install_scripts
[1.539s] Installing NODE1 script to /home/nipun/ros2RB_ws/install/assignment1/lib/assignment1
[1.540s] Installing NODE2 script to /home/nipun/ros2RB_ws/install/assignment1/lib/assignment1
[1.540s] Installing NODE3 script to /home/nipun/ros2RB_ws/install/assignment1/lib/assignment1
[1.540s] writing list of installed files to '/home/nipun/ros2RB_ws/build/assignment1/install.log'
[1.573s] Invoked command in '/home/nipun/ros2RB_ws/assignment1' returned '0': PYTHONPATH=/home/nipun/ros2RB_ws/build/assignment1/prefix_override:/usr/lib/python3/dist-packages/colcon_core/task/python/colcon_distutils_commands:/home/nipun/ros2RB_ws/install/assignment1/lib/python3.10/site-packages:${PYTHONPATH} /usr/bin/python3 -W ignore:setup.py install is deprecated setup.py egg_info --egg-base ../build/assignment1 build --build-base /home/nipun/ros2RB_ws/build/assignment1/build install --record /home/nipun/ros2RB_ws/build/assignment1/install.log --single-version-externally-managed install_data
