[1.015s] Invoking command in '/home/nipun/ros2RB_ws/simple_pkg': PYTHONPATH=/home/nipun/ros2RB_ws/build/simple_pkg/prefix_override:/usr/lib/python3/dist-packages/colcon_core/task/python/colcon_distutils_commands:/home/nipun/ros2RB_ws/install/simple_pkg/lib/python3.10/site-packages:${PYTHONPATH} /usr/bin/python3 -W ignore:setup.py install is deprecated setup.py egg_info --egg-base ../build/simple_pkg build --build-base /home/nipun/ros2RB_ws/build/simple_pkg/build install --record /home/nipun/ros2RB_ws/build/simple_pkg/install.log --single-version-externally-managed install_data
[1.659s] running egg_info
[1.660s] creating ../build/simple_pkg/simple_pkg.egg-info
[1.660s] writing ../build/simple_pkg/simple_pkg.egg-info/PKG-INFO
[1.661s] writing dependency_links to ../build/simple_pkg/simple_pkg.egg-info/dependency_links.txt
[1.661s] writing entry points to ../build/simple_pkg/simple_pkg.egg-info/entry_points.txt
[1.661s] writing requirements to ../build/simple_pkg/simple_pkg.egg-info/requires.txt
[1.661s] writing top-level names to ../build/simple_pkg/simple_pkg.egg-info/top_level.txt
[1.662s] writing manifest file '../build/simple_pkg/simple_pkg.egg-info/SOURCES.txt'
[1.666s] reading manifest file '../build/simple_pkg/simple_pkg.egg-info/SOURCES.txt'
[1.666s] writing manifest file '../build/simple_pkg/simple_pkg.egg-info/SOURCES.txt'
[1.666s] running build
[1.667s] running build_py
[1.667s] creating /home/nipun/ros2RB_ws/build/simple_pkg/build
[1.667s] creating /home/nipun/ros2RB_ws/build/simple_pkg/build/lib
[1.667s] creating /home/nipun/ros2RB_ws/build/simple_pkg/build/lib/simple_pkg
[1.669s] copying simple_pkg/__init__.py -> /home/nipun/ros2RB_ws/build/simple_pkg/build/lib/simple_pkg
[1.669s] copying simple_pkg/sub.py -> /home/nipun/ros2RB_ws/build/simple_pkg/build/lib/simple_pkg
[1.683s] copying simple_pkg/pub.py -> /home/nipun/ros2RB_ws/build/simple_pkg/build/lib/simple_pkg
[1.683s] running install
[1.683s] running install_lib
[1.686s] creating /home/nipun/ros2RB_ws/install/simple_pkg/lib/python3.10/site-packages/simple_pkg
[1.686s] copying /home/nipun/ros2RB_ws/build/simple_pkg/build/lib/simple_pkg/__init__.py -> /home/nipun/ros2RB_ws/install/simple_pkg/lib/python3.10/site-packages/simple_pkg
[1.687s] copying /home/nipun/ros2RB_ws/build/simple_pkg/build/lib/simple_pkg/sub.py -> /home/nipun/ros2RB_ws/install/simple_pkg/lib/python3.10/site-packages/simple_pkg
[1.687s] copying /home/nipun/ros2RB_ws/build/simple_pkg/build/lib/simple_pkg/pub.py -> /home/nipun/ros2RB_ws/install/simple_pkg/lib/python3.10/site-packages/simple_pkg
[1.692s] byte-compiling /home/nipun/ros2RB_ws/install/simple_pkg/lib/python3.10/site-packages/simple_pkg/__init__.py to __init__.cpython-310.pyc
[1.692s] byte-compiling /home/nipun/ros2RB_ws/install/simple_pkg/lib/python3.10/site-packages/simple_pkg/sub.py to sub.cpython-310.pyc
[1.692s] byte-compiling /home/nipun/ros2RB_ws/install/simple_pkg/lib/python3.10/site-packages/simple_pkg/pub.py to pub.cpython-310.pyc
[1.692s] running install_data
[1.695s] creating /home/nipun/ros2RB_ws/install/simple_pkg/share/ament_index
[1.696s] creating /home/nipun/ros2RB_ws/install/simple_pkg/share/ament_index/resource_index
[1.696s] creating /home/nipun/ros2RB_ws/install/simple_pkg/share/ament_index/resource_index/packages
[1.696s] copying resource/simple_pkg -> /home/nipun/ros2RB_ws/install/simple_pkg/share/ament_index/resource_index/packages
[1.696s] copying package.xml -> /home/nipun/ros2RB_ws/install/simple_pkg/share/simple_pkg
[1.696s] running install_egg_info
[1.701s] Copying ../build/simple_pkg/simple_pkg.egg-info to /home/nipun/ros2RB_ws/install/simple_pkg/lib/python3.10/site-packages/simple_pkg-0.0.0-py3.10.egg-info
[1.706s] running install_scripts
[1.767s] Installing HelloWorldPublisher script to /home/nipun/ros2RB_ws/install/simple_pkg/lib/simple_pkg
[1.767s] Installing HelloWorldSubscriber script to /home/nipun/ros2RB_ws/install/simple_pkg/lib/simple_pkg
[1.768s] writing list of installed files to '/home/nipun/ros2RB_ws/build/simple_pkg/install.log'
[1.834s] Invoked command in '/home/nipun/ros2RB_ws/simple_pkg' returned '0': PYTHONPATH=/home/nipun/ros2RB_ws/build/simple_pkg/prefix_override:/usr/lib/python3/dist-packages/colcon_core/task/python/colcon_distutils_commands:/home/nipun/ros2RB_ws/install/simple_pkg/lib/python3.10/site-packages:${PYTHONPATH} /usr/bin/python3 -W ignore:setup.py install is deprecated setup.py egg_info --egg-base ../build/simple_pkg build --build-base /home/nipun/ros2RB_ws/build/simple_pkg/build install --record /home/nipun/ros2RB_ws/build/simple_pkg/install.log --single-version-externally-managed install_data
