[0.047s] Invoking command in '/home/nipun/ros2RB_ws/build/simple_pkg_cpp': CMAKE_PREFIX_PATH=${CMAKE_PREFIX_PATH}:/home/nipun/ros2RB_ws/install/turtlesim_assignment:/home/nipun/ros2RB_ws/install/simple_pkg:/home/nipun/ros2RB_ws/install/assignment1:/home/nipun/ros2_ws/install/my_py_pkg:/opt/ros/humble /usr/bin/cmake --build /home/nipun/ros2RB_ws/build/simple_pkg_cpp -- -j3 -l3
[0.268s] [ 50%] Built target HelloWorldPublisherCpp
[0.390s] [100%] Built target HelloWorldSubscriberCpp
[0.436s] Invoked command in '/home/nipun/ros2RB_ws/build/simple_pkg_cpp' returned '0': CMAKE_PREFIX_PATH=${CMAKE_PREFIX_PATH}:/home/nipun/ros2RB_ws/install/turtlesim_assignment:/home/nipun/ros2RB_ws/install/simple_pkg:/home/nipun/ros2RB_ws/install/assignment1:/home/nipun/ros2_ws/install/my_py_pkg:/opt/ros/humble /usr/bin/cmake --build /home/nipun/ros2RB_ws/build/simple_pkg_cpp -- -j3 -l3
[0.513s] Invoking command in '/home/nipun/ros2RB_ws/build/simple_pkg_cpp': CMAKE_PREFIX_PATH=${CMAKE_PREFIX_PATH}:/home/nipun/ros2RB_ws/install/turtlesim_assignment:/home/nipun/ros2RB_ws/install/simple_pkg:/home/nipun/ros2RB_ws/install/assignment1:/home/nipun/ros2_ws/install/my_py_pkg:/opt/ros/humble /usr/bin/cmake --install /home/nipun/ros2RB_ws/build/simple_pkg_cpp
[0.550s] -- Install configuration: ""
[0.555s] -- Up-to-date: /home/nipun/ros2RB_ws/install/simple_pkg_cpp/lib/simple_pkg_cpp/HelloWorldPublisherCpp
[0.558s] -- Up-to-date: /home/nipun/ros2RB_ws/install/simple_pkg_cpp/lib/simple_pkg_cpp/HelloWorldSubscriberCpp
[0.558s] -- Up-to-date: /home/nipun/ros2RB_ws/install/simple_pkg_cpp/share/ament_index/resource_index/package_run_dependencies/simple_pkg_cpp
[0.559s] -- Up-to-date: /home/nipun/ros2RB_ws/install/simple_pkg_cpp/share/ament_index/resource_index/parent_prefix_path/simple_pkg_cpp
[0.559s] -- Up-to-date: /home/nipun/ros2RB_ws/install/simple_pkg_cpp/share/simple_pkg_cpp/environment/ament_prefix_path.sh
[0.561s] -- Up-to-date: /home/nipun/ros2RB_ws/install/simple_pkg_cpp/share/simple_pkg_cpp/environment/ament_prefix_path.dsv
[0.561s] -- Up-to-date: /home/nipun/ros2RB_ws/install/simple_pkg_cpp/share/simple_pkg_cpp/environment/path.sh
[0.563s] -- Up-to-date: /home/nipun/ros2RB_ws/install/simple_pkg_cpp/share/simple_pkg_cpp/environment/path.dsv
[0.563s] -- Up-to-date: /home/nipun/ros2RB_ws/install/simple_pkg_cpp/share/simple_pkg_cpp/local_setup.bash
[0.564s] -- Up-to-date: /home/nipun/ros2RB_ws/install/simple_pkg_cpp/share/simple_pkg_cpp/local_setup.sh
[0.564s] -- Up-to-date: /home/nipun/ros2RB_ws/install/simple_pkg_cpp/share/simple_pkg_cpp/local_setup.zsh
[0.564s] -- Up-to-date: /home/nipun/ros2RB_ws/install/simple_pkg_cpp/share/simple_pkg_cpp/local_setup.dsv
[0.564s] -- Installing: /home/nipun/ros2RB_ws/install/simple_pkg_cpp/share/simple_pkg_cpp/package.dsv
[0.564s] -- Up-to-date: /home/nipun/ros2RB_ws/install/simple_pkg_cpp/share/ament_index/resource_index/packages/simple_pkg_cpp
[0.564s] -- Up-to-date: /home/nipun/ros2RB_ws/install/simple_pkg_cpp/share/simple_pkg_cpp/cmake/simple_pkg_cppConfig.cmake
[0.564s] -- Up-to-date: /home/nipun/ros2RB_ws/install/simple_pkg_cpp/share/simple_pkg_cpp/cmake/simple_pkg_cppConfig-version.cmake
[0.564s] -- Up-to-date: /home/nipun/ros2RB_ws/install/simple_pkg_cpp/share/simple_pkg_cpp/package.xml
[0.576s] Invoked command in '/home/nipun/ros2RB_ws/build/simple_pkg_cpp' returned '0': CMAKE_PREFIX_PATH=${CMAKE_PREFIX_PATH}:/home/nipun/ros2RB_ws/install/turtlesim_assignment:/home/nipun/ros2RB_ws/install/simple_pkg:/home/nipun/ros2RB_ws/install/assignment1:/home/nipun/ros2_ws/install/my_py_pkg:/opt/ros/humble /usr/bin/cmake --install /home/nipun/ros2RB_ws/build/simple_pkg_cpp
