[0.162s] DEBUG:colcon:Command line arguments: ['/usr/bin/colcon', 'build']
[0.162s] DEBUG:colcon:Parsed command line arguments: Namespace(log_base=None, log_level=None, verb_name='build', build_base='build', install_base='install', merge_install=False, symlink_install=False, test_result_base=None, continue_on_error=False, executor='parallel', parallel_workers=3, event_handlers=None, ignore_user_meta=False, metas=['./colcon.meta'], base_paths=['.'], packages_ignore=None, packages_ignore_regex=None, paths=None, packages_up_to=None, packages_up_to_regex=None, packages_above=None, packages_above_and_dependencies=None, packages_above_depth=None, packages_select_by_dep=None, packages_skip_by_dep=None, packages_skip_up_to=None, packages_select_build_failed=False, packages_skip_build_finished=False, packages_select_test_failures=False, packages_skip_test_passed=False, packages_select=None, packages_skip=None, packages_select_regex=None, packages_skip_regex=None, packages_start=None, packages_end=None, allow_overriding=[], cmake_args=None, cmake_target=None, cmake_target_skip_unavailable=False, cmake_clean_cache=False, cmake_clean_first=False, cmake_force_configure=False, ament_cmake_args=None, catkin_cmake_args=None, catkin_skip_building_tests=False, verb_parser=<colcon_defaults.argument_parser.defaults.DefaultArgumentsDecorator object at 0x7ef0a7c18df0>, verb_extension=<colcon_core.verb.build.BuildVerb object at 0x7ef0a7c18a30>, main=<bound method BuildVerb.main of <colcon_core.verb.build.BuildVerb object at 0x7ef0a7c18a30>>)
[0.452s] Level 1:colcon.colcon_core.package_discovery:discover_packages(colcon_meta) check parameters
[0.452s] Level 1:colcon.colcon_core.package_discovery:discover_packages(recursive) check parameters
[0.452s] Level 1:colcon.colcon_core.package_discovery:discover_packages(ignore) check parameters
[0.452s] Level 1:colcon.colcon_core.package_discovery:discover_packages(path) check parameters
[0.452s] Level 1:colcon.colcon_core.package_discovery:discover_packages(colcon_meta) discover
[0.452s] Level 1:colcon.colcon_core.package_discovery:discover_packages(recursive) discover
[0.452s] INFO:colcon.colcon_core.package_discovery:Crawling recursively for packages in '/home/nipun/ros2RB_ws/rmp_ros2bot_description'
[0.452s] Level 1:colcon.colcon_core.package_identification:_identify(.) by extensions ['ignore', 'ignore_ament_install']
[0.452s] Level 1:colcon.colcon_core.package_identification:_identify(.) by extension 'ignore'
[0.452s] Level 1:colcon.colcon_core.package_identification:_identify(.) by extension 'ignore_ament_install'
[0.453s] Level 1:colcon.colcon_core.package_identification:_identify(.) by extensions ['colcon_pkg']
[0.453s] Level 1:colcon.colcon_core.package_identification:_identify(.) by extension 'colcon_pkg'
[0.453s] Level 1:colcon.colcon_core.package_identification:_identify(.) by extensions ['colcon_meta']
[0.453s] Level 1:colcon.colcon_core.package_identification:_identify(.) by extension 'colcon_meta'
[0.453s] Level 1:colcon.colcon_core.package_identification:_identify(.) by extensions ['ros']
[0.453s] Level 1:colcon.colcon_core.package_identification:_identify(.) by extension 'ros'
[0.472s] DEBUG:colcon.colcon_core.package_identification:Package '.' with type 'ros.ament_cmake' and name 'rmp_ros2bot_description'
[0.472s] Level 1:colcon.colcon_core.package_discovery:discover_packages(recursive) using defaults
[0.472s] Level 1:colcon.colcon_core.package_discovery:discover_packages(ignore) discover
[0.472s] Level 1:colcon.colcon_core.package_discovery:discover_packages(ignore) using defaults
[0.472s] Level 1:colcon.colcon_core.package_discovery:discover_packages(path) discover
[0.472s] Level 1:colcon.colcon_core.package_discovery:discover_packages(path) using defaults
[0.513s] Level 1:colcon.colcon_core.package_discovery:discover_packages(prefix_path) check parameters
[0.513s] Level 1:colcon.colcon_core.package_discovery:discover_packages(prefix_path) discover
[0.515s] WARNING:colcon.colcon_ros.prefix_path.ament:The path '/home/nipun/ros2RB_ws/install/learningPubSubPkg' in the environment variable AMENT_PREFIX_PATH doesn't exist
[0.515s] WARNING:colcon.colcon_ros.prefix_path.catkin:The path '/home/nipun/ros2RB_ws/install/learningPubSubPkg' in the environment variable CMAKE_PREFIX_PATH doesn't exist
[0.517s] DEBUG:colcon.colcon_installed_package_information.package_discovery:Found 6 installed packages in /home/nipun/ros2RB_ws/install
[0.517s] DEBUG:colcon.colcon_installed_package_information.package_discovery:Found 4 installed packages in /home/nipun/ros2_ws/install
[0.520s] DEBUG:colcon.colcon_installed_package_information.package_discovery:Found 290 installed packages in /opt/ros/humble
[0.523s] Level 1:colcon.colcon_core.package_discovery:discover_packages(prefix_path) using defaults
[0.595s] Level 5:colcon.colcon_core.verb:set package 'rmp_ros2bot_description' build argument 'cmake_args' from command line to 'None'
[0.595s] Level 5:colcon.colcon_core.verb:set package 'rmp_ros2bot_description' build argument 'cmake_target' from command line to 'None'
[0.595s] Level 5:colcon.colcon_core.verb:set package 'rmp_ros2bot_description' build argument 'cmake_target_skip_unavailable' from command line to 'False'
[0.595s] Level 5:colcon.colcon_core.verb:set package 'rmp_ros2bot_description' build argument 'cmake_clean_cache' from command line to 'False'
[0.595s] Level 5:colcon.colcon_core.verb:set package 'rmp_ros2bot_description' build argument 'cmake_clean_first' from command line to 'False'
[0.595s] Level 5:colcon.colcon_core.verb:set package 'rmp_ros2bot_description' build argument 'cmake_force_configure' from command line to 'False'
[0.595s] Level 5:colcon.colcon_core.verb:set package 'rmp_ros2bot_description' build argument 'ament_cmake_args' from command line to 'None'
[0.595s] Level 5:colcon.colcon_core.verb:set package 'rmp_ros2bot_description' build argument 'catkin_cmake_args' from command line to 'None'
[0.595s] Level 5:colcon.colcon_core.verb:set package 'rmp_ros2bot_description' build argument 'catkin_skip_building_tests' from command line to 'False'
[0.595s] DEBUG:colcon.colcon_core.verb:Building package 'rmp_ros2bot_description' with the following arguments: {'ament_cmake_args': None, 'build_base': '/home/nipun/ros2RB_ws/rmp_ros2bot_description/build/rmp_ros2bot_description', 'catkin_cmake_args': None, 'catkin_skip_building_tests': False, 'cmake_args': None, 'cmake_clean_cache': False, 'cmake_clean_first': False, 'cmake_force_configure': False, 'cmake_target': None, 'cmake_target_skip_unavailable': False, 'install_base': '/home/nipun/ros2RB_ws/rmp_ros2bot_description/install/rmp_ros2bot_description', 'merge_install': False, 'path': '/home/nipun/ros2RB_ws/rmp_ros2bot_description', 'symlink_install': False, 'test_result_base': None}
[0.595s] INFO:colcon.colcon_core.executor:Executing jobs using 'parallel' executor
[0.597s] DEBUG:colcon.colcon_parallel_executor.executor.parallel:run_until_complete
[0.597s] INFO:colcon.colcon_ros.task.ament_cmake.build:Building ROS package in '/home/nipun/ros2RB_ws/rmp_ros2bot_description' with build type 'ament_cmake'
[0.597s] INFO:colcon.colcon_cmake.task.cmake.build:Building CMake package in '/home/nipun/ros2RB_ws/rmp_ros2bot_description'
[0.600s] INFO:colcon.colcon_core.plugin_system:Skipping extension 'colcon_core.shell.bat': Not used on non-Windows systems
[0.600s] INFO:colcon.colcon_core.shell:Skip shell extension 'powershell' for command environment: Not usable outside of PowerShell
[0.600s] DEBUG:colcon.colcon_core.shell:Skip shell extension 'dsv' for command environment
[0.612s] DEBUG:colcon.colcon_core.event_handler.log_command:Invoking command in '/home/nipun/ros2RB_ws/rmp_ros2bot_description/build/rmp_ros2bot_description': CMAKE_PREFIX_PATH=${CMAKE_PREFIX_PATH}:/home/nipun/ros2RB_ws/install/turtlesim_assignment:/home/nipun/ros2RB_ws/install/simple_pkg:/home/nipun/ros2RB_ws/install/assignment1:/home/nipun/ros2_ws/install/my_py_pkg:/opt/ros/humble /usr/bin/cmake --build /home/nipun/ros2RB_ws/rmp_ros2bot_description/build/rmp_ros2bot_description -- -j3 -l3
[0.666s] DEBUG:colcon.colcon_core.event_handler.log_command:Invoked command in '/home/nipun/ros2RB_ws/rmp_ros2bot_description/build/rmp_ros2bot_description' returned '0': CMAKE_PREFIX_PATH=${CMAKE_PREFIX_PATH}:/home/nipun/ros2RB_ws/install/turtlesim_assignment:/home/nipun/ros2RB_ws/install/simple_pkg:/home/nipun/ros2RB_ws/install/assignment1:/home/nipun/ros2_ws/install/my_py_pkg:/opt/ros/humble /usr/bin/cmake --build /home/nipun/ros2RB_ws/rmp_ros2bot_description/build/rmp_ros2bot_description -- -j3 -l3
[0.702s] DEBUG:colcon.colcon_core.event_handler.log_command:Invoking command in '/home/nipun/ros2RB_ws/rmp_ros2bot_description/build/rmp_ros2bot_description': CMAKE_PREFIX_PATH=${CMAKE_PREFIX_PATH}:/home/nipun/ros2RB_ws/install/turtlesim_assignment:/home/nipun/ros2RB_ws/install/simple_pkg:/home/nipun/ros2RB_ws/install/assignment1:/home/nipun/ros2_ws/install/my_py_pkg:/opt/ros/humble /usr/bin/cmake --install /home/nipun/ros2RB_ws/rmp_ros2bot_description/build/rmp_ros2bot_description
[0.717s] Level 1:colcon.colcon_core.environment:create_environment_scripts_only(rmp_ros2bot_description)
[0.728s] Level 1:colcon.colcon_core.environment:checking '/home/nipun/ros2RB_ws/rmp_ros2bot_description/install/rmp_ros2bot_description' for CMake module files
[0.729s] Level 1:colcon.colcon_core.environment:checking '/home/nipun/ros2RB_ws/rmp_ros2bot_description/install/rmp_ros2bot_description' for CMake config files
[0.734s] Level 1:colcon.colcon_core.shell:create_environment_hook('rmp_ros2bot_description', 'cmake_prefix_path')
[0.734s] INFO:colcon.colcon_core.shell:Creating environment hook '/home/nipun/ros2RB_ws/rmp_ros2bot_description/install/rmp_ros2bot_description/share/rmp_ros2bot_description/hook/cmake_prefix_path.ps1'
[0.735s] INFO:colcon.colcon_core.shell:Creating environment descriptor '/home/nipun/ros2RB_ws/rmp_ros2bot_description/install/rmp_ros2bot_description/share/rmp_ros2bot_description/hook/cmake_prefix_path.dsv'
[0.737s] DEBUG:colcon.colcon_core.event_handler.log_command:Invoked command in '/home/nipun/ros2RB_ws/rmp_ros2bot_description/build/rmp_ros2bot_description' returned '0': CMAKE_PREFIX_PATH=${CMAKE_PREFIX_PATH}:/home/nipun/ros2RB_ws/install/turtlesim_assignment:/home/nipun/ros2RB_ws/install/simple_pkg:/home/nipun/ros2RB_ws/install/assignment1:/home/nipun/ros2_ws/install/my_py_pkg:/opt/ros/humble /usr/bin/cmake --install /home/nipun/ros2RB_ws/rmp_ros2bot_description/build/rmp_ros2bot_description
[0.740s] INFO:colcon.colcon_core.shell:Creating environment hook '/home/nipun/ros2RB_ws/rmp_ros2bot_description/install/rmp_ros2bot_description/share/rmp_ros2bot_description/hook/cmake_prefix_path.sh'
[0.741s] Level 1:colcon.colcon_core.environment:checking '/home/nipun/ros2RB_ws/rmp_ros2bot_description/install/rmp_ros2bot_description/bin'
[0.741s] Level 1:colcon.colcon_core.environment:checking '/home/nipun/ros2RB_ws/rmp_ros2bot_description/install/rmp_ros2bot_description/lib/pkgconfig/rmp_ros2bot_description.pc'
[0.744s] Level 1:colcon.colcon_core.environment:checking '/home/nipun/ros2RB_ws/rmp_ros2bot_description/install/rmp_ros2bot_description/lib/python3.10/site-packages'
[0.744s] Level 1:colcon.colcon_core.environment:checking '/home/nipun/ros2RB_ws/rmp_ros2bot_description/install/rmp_ros2bot_description/bin'
[0.745s] INFO:colcon.colcon_core.shell:Creating package script '/home/nipun/ros2RB_ws/rmp_ros2bot_description/install/rmp_ros2bot_description/share/rmp_ros2bot_description/package.ps1'
[0.748s] INFO:colcon.colcon_core.shell:Creating package descriptor '/home/nipun/ros2RB_ws/rmp_ros2bot_description/install/rmp_ros2bot_description/share/rmp_ros2bot_description/package.dsv'
[0.751s] INFO:colcon.colcon_core.shell:Creating package script '/home/nipun/ros2RB_ws/rmp_ros2bot_description/install/rmp_ros2bot_description/share/rmp_ros2bot_description/package.sh'
[0.753s] INFO:colcon.colcon_core.shell:Creating package script '/home/nipun/ros2RB_ws/rmp_ros2bot_description/install/rmp_ros2bot_description/share/rmp_ros2bot_description/package.bash'
[0.756s] INFO:colcon.colcon_core.shell:Creating package script '/home/nipun/ros2RB_ws/rmp_ros2bot_description/install/rmp_ros2bot_description/share/rmp_ros2bot_description/package.zsh'
[0.757s] Level 1:colcon.colcon_core.environment:create_file_with_runtime_dependencies(/home/nipun/ros2RB_ws/rmp_ros2bot_description/install/rmp_ros2bot_description/share/colcon-core/packages/rmp_ros2bot_description)
[0.784s] Level 1:colcon.colcon_core.environment:create_environment_scripts_only(rmp_ros2bot_description)
[0.784s] Level 1:colcon.colcon_core.environment:checking '/home/nipun/ros2RB_ws/rmp_ros2bot_description/install/rmp_ros2bot_description' for CMake module files
[0.785s] Level 1:colcon.colcon_core.environment:checking '/home/nipun/ros2RB_ws/rmp_ros2bot_description/install/rmp_ros2bot_description' for CMake config files
[0.785s] Level 1:colcon.colcon_core.shell:create_environment_hook('rmp_ros2bot_description', 'cmake_prefix_path')
[0.786s] INFO:colcon.colcon_core.shell:Creating environment hook '/home/nipun/ros2RB_ws/rmp_ros2bot_description/install/rmp_ros2bot_description/share/rmp_ros2bot_description/hook/cmake_prefix_path.ps1'
[0.789s] INFO:colcon.colcon_core.shell:Creating environment descriptor '/home/nipun/ros2RB_ws/rmp_ros2bot_description/install/rmp_ros2bot_description/share/rmp_ros2bot_description/hook/cmake_prefix_path.dsv'
[0.790s] INFO:colcon.colcon_core.shell:Creating environment hook '/home/nipun/ros2RB_ws/rmp_ros2bot_description/install/rmp_ros2bot_description/share/rmp_ros2bot_description/hook/cmake_prefix_path.sh'
[0.790s] Level 1:colcon.colcon_core.environment:checking '/home/nipun/ros2RB_ws/rmp_ros2bot_description/install/rmp_ros2bot_description/bin'
[0.790s] Level 1:colcon.colcon_core.environment:checking '/home/nipun/ros2RB_ws/rmp_ros2bot_description/install/rmp_ros2bot_description/lib/pkgconfig/rmp_ros2bot_description.pc'
[0.792s] Level 1:colcon.colcon_core.environment:checking '/home/nipun/ros2RB_ws/rmp_ros2bot_description/install/rmp_ros2bot_description/lib/python3.10/site-packages'
[0.793s] Level 1:colcon.colcon_core.environment:checking '/home/nipun/ros2RB_ws/rmp_ros2bot_description/install/rmp_ros2bot_description/bin'
[0.793s] INFO:colcon.colcon_core.shell:Creating package script '/home/nipun/ros2RB_ws/rmp_ros2bot_description/install/rmp_ros2bot_description/share/rmp_ros2bot_description/package.ps1'
[0.794s] INFO:colcon.colcon_core.shell:Creating package descriptor '/home/nipun/ros2RB_ws/rmp_ros2bot_description/install/rmp_ros2bot_description/share/rmp_ros2bot_description/package.dsv'
[0.794s] INFO:colcon.colcon_core.shell:Creating package script '/home/nipun/ros2RB_ws/rmp_ros2bot_description/install/rmp_ros2bot_description/share/rmp_ros2bot_description/package.sh'
[0.795s] INFO:colcon.colcon_core.shell:Creating package script '/home/nipun/ros2RB_ws/rmp_ros2bot_description/install/rmp_ros2bot_description/share/rmp_ros2bot_description/package.bash'
[0.796s] INFO:colcon.colcon_core.shell:Creating package script '/home/nipun/ros2RB_ws/rmp_ros2bot_description/install/rmp_ros2bot_description/share/rmp_ros2bot_description/package.zsh'
[0.796s] Level 1:colcon.colcon_core.environment:create_file_with_runtime_dependencies(/home/nipun/ros2RB_ws/rmp_ros2bot_description/install/rmp_ros2bot_description/share/colcon-core/packages/rmp_ros2bot_description)
[0.796s] DEBUG:colcon.colcon_parallel_executor.executor.parallel:closing loop
[0.797s] DEBUG:colcon.colcon_parallel_executor.executor.parallel:loop closed
[0.797s] DEBUG:colcon.colcon_parallel_executor.executor.parallel:run_until_complete finished with '0'
[0.798s] DEBUG:colcon.colcon_core.event_reactor:joining thread
[0.804s] INFO:colcon.colcon_core.plugin_system:Skipping extension 'colcon_notification.desktop_notification.terminal_notifier': Not used on non-Darwin systems
[0.804s] INFO:colcon.colcon_core.plugin_system:Skipping extension 'colcon_notification.desktop_notification.win32': Not used on non-Windows systems
[0.804s] INFO:colcon.colcon_notification.desktop_notification:Sending desktop notification using 'notify2'
[0.829s] DEBUG:colcon.colcon_core.event_reactor:joined thread
[0.830s] INFO:colcon.colcon_core.shell:Creating prefix script '/home/nipun/ros2RB_ws/rmp_ros2bot_description/install/local_setup.ps1'
[0.831s] INFO:colcon.colcon_core.shell:Creating prefix util module '/home/nipun/ros2RB_ws/rmp_ros2bot_description/install/_local_setup_util_ps1.py'
[0.835s] INFO:colcon.colcon_core.shell:Creating prefix chain script '/home/nipun/ros2RB_ws/rmp_ros2bot_description/install/setup.ps1'
[0.838s] INFO:colcon.colcon_core.shell:Creating prefix script '/home/nipun/ros2RB_ws/rmp_ros2bot_description/install/local_setup.sh'
[0.838s] INFO:colcon.colcon_core.shell:Creating prefix util module '/home/nipun/ros2RB_ws/rmp_ros2bot_description/install/_local_setup_util_sh.py'
[0.839s] INFO:colcon.colcon_core.shell:Creating prefix chain script '/home/nipun/ros2RB_ws/rmp_ros2bot_description/install/setup.sh'
[0.842s] INFO:colcon.colcon_core.shell:Creating prefix script '/home/nipun/ros2RB_ws/rmp_ros2bot_description/install/local_setup.bash'
[0.845s] INFO:colcon.colcon_core.shell:Creating prefix chain script '/home/nipun/ros2RB_ws/rmp_ros2bot_description/install/setup.bash'
[0.847s] INFO:colcon.colcon_core.shell:Creating prefix script '/home/nipun/ros2RB_ws/rmp_ros2bot_description/install/local_setup.zsh'
[0.848s] INFO:colcon.colcon_core.shell:Creating prefix chain script '/home/nipun/ros2RB_ws/rmp_ros2bot_description/install/setup.zsh'
